[cobwebmaroon6.wpcomstaging.com/index.html]
[backblue.gif]
[fade.gif]
[index.html]
[cobwebmaroon6.wpcomstaging.com/wp-content/plugins/user-registration/assets/css/user-registration-smallscreenebc3.css]
[cobwebmaroon6.wpcomstaging.com/wp-content/themes/varia/print9dca.css]
[cobwebmaroon6.wpcomstaging.com/wp-includes/css/dashicons.min080f.css]
[cobwebmaroon6.wpcomstaging.com/wp-content/plugins/smart-slider-3/Public/SmartSlider3/Application/Frontend/Assets/dist/smartslider.minda7d.css]
[cobwebmaroon6.wpcomstaging.com/feed/index.html]
[cobwebmaroon6.wpcomstaging.com/wp-includes/js/jquery/jquery.minaf6c.js]
[cobwebmaroon6.wpcomstaging.com/wp-json/wp/v2/pages/17.json]
[cobwebmaroon6.wpcomstaging.com/comments/feed/index.html]
[cobwebmaroon6.wpcomstaging.com/_static/indexae75.html]
[cobwebmaroon6.wpcomstaging.com/events/indexedf3.html]
[cobwebmaroon6.wpcomstaging.com/_static/index59ea.html]
[cobwebmaroon6.wpcomstaging.com/xmlrpc0db0.php]
[cobwebmaroon6.wpcomstaging.com/wp-includes/wlwmanifest.xml]
[cobwebmaroon6.wpcomstaging.com/wp-json/index.html]
[cobwebmaroon6.wpcomstaging.com/wp-json/oembed/1.0/embedcfba.json]
[cobwebmaroon6.wpcomstaging.com/wp-json/oembed/1.0/embedc32a]
[cobwebmaroon6.wpcomstaging.com/wp-json/tribe/events/v1/index.html]
[i0.wp.com/cobwebmaroon6.wpcomstaging.com/wp-content/uploads/2021/09/cropped-college-of-businesse43b.png]
[i0.wp.com/cobwebmaroon6.wpcomstaging.com/wp-content/uploads/2021/09/cropped-college-of-business98d8.png]
[i0.wp.com/cobwebmaroon6.wpcomstaging.com/wp-content/uploads/2021/09/cropped-college-of-businessf9b5.png]
[cobwebmaroon6.wpcomstaging.com/wp-content/plugins/smart-slider-3/Public/SmartSlider3/Application/Frontend/Assets/dist/n2.minda7d.js]
[cobwebmaroon6.wpcomstaging.com/wp-content/plugins/smart-slider-3/Public/SmartSlider3/Application/Frontend/Assets/dist/smartslider-frontend.minda7d.js]
[cobwebmaroon6.wpcomstaging.com/wp-content/plugins/smart-slider-3/Public/SmartSlider3/Slider/SliderType/Simple/Assets/dist/ss-simple.minda7d.js]
[cobwebmaroon6.wpcomstaging.com/wp-content/plugins/smart-slider-3/Public/SmartSlider3/Widget/Arrow/ArrowImage/Assets/dist/w-arrow-image.minda7d.js]
[cobwebmaroon6.wpcomstaging.com/wp-content/plugins/smart-slider-3/Public/SmartSlider3/Widget/Thumbnail/Basic/Assets/dist/w-thumbnail-horizontal.minda7d.js]
[i0.wp.com/cobwebmaroon6.wpcomstaging.com/wp-content/uploads/2021/10/image7275.gif]
[cobwebmaroon6.wpcomstaging.com/wp-content/uploads/slider/cache/4d5217efb5ebd97a78d1f69e51e9ca6a/image3.jpg]
[cobwebmaroon6.wpcomstaging.com/login/index.html]
[cobwebmaroon6.wpcomstaging.com/wp-content/uploads/slider/cache/cde8b41736e11b6456eb2100bf30c6bd/image.jpg]
[cobwebmaroon6.wpcomstaging.com/events/index.html]
[cobwebmaroon6.wpcomstaging.com/information/index.html]
[cobwebmaroon6.wpcomstaging.com/wp-content/uploads/slider/cache/5f3e4a77592f0cdd1acbb01836256a6c/image1.jpg]
[cobwebmaroon6.wpcomstaging.com/faq/index.html]
[cobwebmaroon6.wpcomstaging.com/contact-us/index.html]
[cobwebmaroon6.wpcomstaging.com/wp-content/uploads/slider/cache/f9af9746761e2758b7f62c5b074e30cb/COB.jpg]
[i0.wp.com/cobwebmaroon6.wpcomstaging.com/wp-content/uploads/slider/cache/48b7ffc13e26dcffdd850231450a205a/image32bf4.jpg]
[cobwebmaroon6.wpcomstaging.com/resources/index.html]
[i0.wp.com/cobwebmaroon6.wpcomstaging.com/wp-content/uploads/slider/cache/7b427067aafeb6f8c2fb07633cf0881e/image2bf4.jpg]
[cobwebmaroon6.wpcomstaging.com/about-us/index.html]
[i0.wp.com/cobwebmaroon6.wpcomstaging.com/wp-content/uploads/slider/cache/075535745f1fe0a60031352db2ffdce3/image1de98.jpg]
[cobwebmaroon6.wpcomstaging.com/donate/index.html]
[i0.wp.com/cobwebmaroon6.wpcomstaging.com/wp-content/uploads/slider/cache/17e074f0c0396f6e0fb30c0891cd1f43/COBd2c9.jpg]
[s0.wp.com/wp-content/js/bilmur.min36ad.js]
[cobwebmaroon6.wpcomstaging.com/wp-content/plugins/gutenberg/build/i18n/index.min9b68.js]
[cobwebmaroon6.wpcomstaging.com/wp-content/plugins/the-events-calendar/common/src/resources/js/underscore-before.js]
[cobwebmaroon6.wpcomstaging.com/mentor-registration/index.html]
[cobwebmaroon6.wpcomstaging.com/wp-includes/js/underscore.min0028.js]
[cobwebmaroon6.wpcomstaging.com/wp-content/plugins/the-events-calendar/common/src/resources/js/underscore-after.js]
[cobwebmaroon6.wpcomstaging.com/index.html]
[stats.wp.com/e-202149.js]
[cobwebmaroon6.wpcomstaging.com/events/indexedf3.html]
[cobwebmaroon6.wpcomstaging.com/student-sign-up/index.html]
[cobwebmaroon6.wpcomstaging.com/site-map/index.html]
[cobwebmaroon6.wpcomstaging.com/_static/index5e84.html]
[cobwebmaroon6.wpcomstaging.com/privacy-policy/index.html]
[cobwebmaroon6.wpcomstaging.com/_static/indexf958.html]
[cobwebmaroon6.wpcomstaging.com/_static/indexec62.html]
[cobwebmaroon6.wpcomstaging.com/wp-content/plugins/user-registration/assets/fonts/UserRegistration9c62.eot]
[cobwebmaroon6.wpcomstaging.com/wp-content/plugins/user-registration/assets/fonts/UserRegistration9c62.ttf]
[cobwebmaroon6.wpcomstaging.com/_static/index2722.html]
[cobwebmaroon6.wpcomstaging.com/wp-content/plugins/user-registration/assets/fonts/UserRegistration9c62.woff]
[cobwebmaroon6.wpcomstaging.com/wp-content/plugins/user-registration/assets/fonts/UserRegistration9c62.svg]
[cobwebmaroon6.wpcomstaging.com/wp-content/plugins/user-registration/assets/fonts/UserRegistratione8a1.eot]
[cobwebmaroon6.wpcomstaging.com/wp-content/plugins/user-registration/assets/fonts/UserRegistratione8a1.ttf]
[cobwebmaroon6.wpcomstaging.com/wp-content/plugins/user-registration/assets/fonts/UserRegistratione8a1.woff]
[cobwebmaroon6.wpcomstaging.com/wp-content/plugins/user-registration/assets/fonts/UserRegistratione8a1.svg]
[cobwebmaroon6.wpcomstaging.com/wp-content/plugins/user-registration/assets/images/wpspin_light-2x.gif]
[cobwebmaroon6.wpcomstaging.com/wp-includes/js/mediaelement/mejs-controls.svg]
[cobwebmaroon6.wpcomstaging.com/wp-content/plugins/wp-job-manager/assets/dist/images/ajax-loader-ea183bf26ae76dec039869d4bc7060cb.gif]
[cobwebmaroon6.wpcomstaging.com/wp-content/plugins/give/assets/dist/fonts/icomoon5c45.eot]
[cobwebmaroon6.wpcomstaging.com/wp-content/plugins/give/assets/dist/fonts/icomoon5c45.woff]
[cobwebmaroon6.wpcomstaging.com/wp-content/plugins/give/assets/dist/fonts/icomoon5c45.svg]
[cobwebmaroon6.wpcomstaging.com/wp-content/plugins/give/assets/dist/images/tick.png]
[cobwebmaroon6.wpcomstaging.com/wp-content/plugins/give/assets/dist/images/visa.svg]
[cobwebmaroon6.wpcomstaging.com/wp-content/plugins/give/assets/dist/images/mastercard.svg]
[cobwebmaroon6.wpcomstaging.com/wp-content/plugins/give/assets/dist/images/discover.svg]
[cobwebmaroon6.wpcomstaging.com/wp-content/plugins/give/assets/dist/images/amex.svg]
[cobwebmaroon6.wpcomstaging.com/wp-content/plugins/give/assets/dist/images/maestro.svg]
[cobwebmaroon6.wpcomstaging.com/wp-content/plugins/give/assets/dist/images/diners-club.svg]
[cobwebmaroon6.wpcomstaging.com/wp-content/plugins/give/assets/dist/images/jcb.svg]
[cobwebmaroon6.wpcomstaging.com/wp-content/plugins/give/assets/dist/images/dankort.png]
[cobwebmaroon6.wpcomstaging.com/wp-content/plugins/give/assets/dist/images/unionpay.svg]
[cobwebmaroon6.wpcomstaging.com/wp-content/plugins/ultimate-member/assets/font/ionicons28b5.eot]
[cobwebmaroon6.wpcomstaging.com/wp-content/plugins/ultimate-member/assets/font/ionicons28b5.woff]
[cobwebmaroon6.wpcomstaging.com/wp-content/plugins/ultimate-member/assets/font/ionicons28b5.ttf]
[cobwebmaroon6.wpcomstaging.com/wp-content/plugins/ultimate-member/assets/font/ionicons28b5.svg]
[cobwebmaroon6.wpcomstaging.com/wp-content/plugins/ultimate-member/assets/font/fontawesome-webfont78ce.eot]
[cobwebmaroon6.wpcomstaging.com/wp-content/plugins/ultimate-member/assets/font/fontawesome-webfont78ce.woff]
[cobwebmaroon6.wpcomstaging.com/wp-content/plugins/ultimate-member/assets/font/fontawesome-webfont78ce.ttf]
[cobwebmaroon6.wpcomstaging.com/wp-content/plugins/ultimate-member/assets/font/fontawesome-webfont78ce.svg]
[cobwebmaroon6.wpcomstaging.com/wp-content/plugins/ultimate-member/assets/img/loading.gif]
[cobwebmaroon6.wpcomstaging.com/wp-content/plugins/ultimate-member/assets/img/loading-dots.gif]
[cobwebmaroon6.wpcomstaging.com/wp-content/plugins/ultimate-member/assets/font/raty.eot]
[cobwebmaroon6.wpcomstaging.com/wp-content/plugins/ultimate-member/assets/font/ratyd41d.eot]
[cobwebmaroon6.wpcomstaging.com/wp-content/plugins/ultimate-member/assets/font/raty.svg]
[cobwebmaroon6.wpcomstaging.com/wp-content/plugins/ultimate-member/assets/font/raty.ttf]
[cobwebmaroon6.wpcomstaging.com/wp-content/plugins/ultimate-member/assets/font/raty.woff]
[cobwebmaroon6.wpcomstaging.com/wp-content/plugins/jetpack/modules/shortcodes/img/slideshow-controls.png]
[cobwebmaroon6.wpcomstaging.com/wp-content/plugins/jetpack/modules/shortcodes/img/slideshow-controls-2x.png]
[cobwebmaroon6.wpcomstaging.com/wp-content/plugins/jetpack/modules/shortcodes/images/slide-nav.png]
[cobwebmaroon6.wpcomstaging.com/wp-content/plugins/jetpack/modules/shortcodes/images/expand.png]
[cobwebmaroon6.wpcomstaging.com/wp-content/plugins/jetpack/modules/shortcodes/images/collapse.png]
[secure.gravatar.com/images/grav-share-sprite.png]
[cobwebmaroon6.wpcomstaging.com/_static/indexae75.html]
[cobwebmaroon6.wpcomstaging.com/wp-content/plugins/user-registration/assets/css/user-registration-smallscreenebc3.css]
[cobwebmaroon6.wpcomstaging.com/wp-content/themes/varia/print9dca.css]
[cobwebmaroon6.wpcomstaging.com/wp-includes/fonts/dashicons7d4b.eot]
[cobwebmaroon6.wpcomstaging.com/wp-includes/css/dashicons.min080f.css]
[cobwebmaroon6.wpcomstaging.com/wp-content/plugins/smart-slider-3/Public/SmartSlider3/Application/Frontend/Assets/dist/smartslider.minda7d.css]
[cobwebmaroon6.wpcomstaging.com/wp-admin/admin-ajax.html]
[cobwebmaroon6.wpcomstaging.com/wp-includes/fonts/dashicons7d4b.ttf]
[cobwebmaroon6.wpcomstaging.com/wp-json/wp/v2/pages/144.json]
[cobwebmaroon6.wpcomstaging.com/wp-json/oembed/1.0/embedcc09.json]
[cobwebmaroon6.wpcomstaging.com/login/index.html]
[cobwebmaroon6.wpcomstaging.com/wp-json/oembed/1.0/embedbf18]
[cobwebmaroon6.wpcomstaging.com/_static/index523a.html]
[cobwebmaroon6.wpcomstaging.com/sign-up/index.html]
[cobwebmaroon6.wpcomstaging.com/wp-json/wp/v2/pages/40.json]
[cobwebmaroon6.wpcomstaging.com/wp-json/oembed/1.0/embeda25d.json]
[cobwebmaroon6.wpcomstaging.com/wp-json/oembed/1.0/embedccf3]
[i0.wp.com/cobwebmaroon6.wpcomstaging.com/wp-content/uploads/2021/11/laptop-17493458854.png]
[i0.wp.com/cobwebmaroon6.wpcomstaging.com/wp-content/uploads/2021/11/arrows-black-and-white-clip-art-images-4347767b28.png]
[cobwebmaroon6.wpcomstaging.com/information/index.html]
[cobwebmaroon6.wpcomstaging.com/wp-content/plugins/the-events-calendar/vendor/bootstrap-datepicker/css/bootstrap-datepicker.standalone.minb072.css]
[cobwebmaroon6.wpcomstaging.com/wp-content/plugins/the-events-calendar/common/src/resources/js/utils/query-string3c93.js]
[cobwebmaroon6.wpcomstaging.com/_static/index8b55.html]
[cobwebmaroon6.wpcomstaging.com/discussion-board/index.html]
[cobwebmaroon6.wpcomstaging.com/events/index.html]
[cobwebmaroon6.wpcomstaging.com/wp-content/plugins/the-events-calendar/src/resources/js/views/managerb072.js]
[cobwebmaroon6.wpcomstaging.com/jobs/index.html]
[cobwebmaroon6.wpcomstaging.com/_static/indexd8cc.html]
[cobwebmaroon6.wpcomstaging.com/_static/index2bd6.html]
[cobwebmaroon6.wpcomstaging.com/wp-json/wp/v2/pages/65.json]
[cobwebmaroon6.wpcomstaging.com/_static/indexbe7f.html]
[cobwebmaroon6.wpcomstaging.com/events/feed/index.html]
[cobwebmaroon6.wpcomstaging.com/_static/indexb464.html]
[cobwebmaroon6.wpcomstaging.com/wp-json/oembed/1.0/embedb8bd.json]
[cobwebmaroon6.wpcomstaging.com/events/list/index.html]
[cobwebmaroon6.wpcomstaging.com/events/month/index.html]
[cobwebmaroon6.wpcomstaging.com/events/today/index.html]
[cobwebmaroon6.wpcomstaging.com/wp-json/oembed/1.0/embede1b6]
[cobwebmaroon6.wpcomstaging.com/_static/indexcd60.html]
[cobwebmaroon6.wpcomstaging.com/_static/index52fb.html]
[cobwebmaroon6.wpcomstaging.com/event/cis-420-demo/index.html]
[cobwebmaroon6.wpcomstaging.com/events/month/2021-11/index.html]
[i0.wp.com/cobwebmaroon6.wpcomstaging.com/wp-content/uploads/2021/09/college-of-business3e0b.png]
[cobwebmaroon6.wpcomstaging.com/wp-includes/js/dist/vendor/lodash.minf492.js]
[cobwebmaroon6.wpcomstaging.com/wp-includes/js/dist/vendor/moment.min95d7.js]
[cobwebmaroon6.wpcomstaging.com/wp-content/plugins/gutenberg/vendor/react.min.755b0ae9.js]
[cobwebmaroon6.wpcomstaging.com/wp-content/plugins/gutenberg/vendor/react-dom.min.edd8b7a6.js]
[cobwebmaroon6.wpcomstaging.com/wp-content/plugins/gutenberg/build/dom-ready/index.min7ea0.js]
[cobwebmaroon6.wpcomstaging.com/_static/index8aa9.html]
[cobwebmaroon6.wpcomstaging.com/wp-content/plugins/gutenberg/build/a11y/index.min82b2.js]
[cobwebmaroon6.wpcomstaging.com/wp-content/plugins/gutenberg/build/deprecated/index.min7d79.js]
[cobwebmaroon6.wpcomstaging.com/wp-content/plugins/gutenberg/build/dom/index.minfa43.js]
[cobwebmaroon6.wpcomstaging.com/wp-content/plugins/gutenberg/build/escape-html/index.min9bbb.js]
[cobwebmaroon6.wpcomstaging.com/wp-content/plugins/gutenberg/build/element/index.min472e.js]
[cobwebmaroon6.wpcomstaging.com/wp-content/plugins/gutenberg/build/is-shallow-equal/index.min17d0.js]
[cobwebmaroon6.wpcomstaging.com/wp-content/plugins/gutenberg/build/keycodes/index.minc656.js]
[cobwebmaroon6.wpcomstaging.com/wp-content/plugins/gutenberg/build/priority-queue/index.minefb8.js]
[cobwebmaroon6.wpcomstaging.com/wp-content/plugins/gutenberg/build/compose/index.min5443.js]
[cobwebmaroon6.wpcomstaging.com/wp-content/plugins/gutenberg/build/date/index.mindb7a.js]
[cobwebmaroon6.wpcomstaging.com/wp-content/plugins/gutenberg/build/primitives/index.min083a.js]
[cobwebmaroon6.wpcomstaging.com/wp-content/plugins/gutenberg/build/redux-routine/index.min5d97.js]
[cobwebmaroon6.wpcomstaging.com/wp-content/plugins/gutenberg/build/data/index.minfa20.js]
[cobwebmaroon6.wpcomstaging.com/wp-content/plugins/gutenberg/build/rich-text/index.min9c8b.js]
[cobwebmaroon6.wpcomstaging.com/wp-content/plugins/gutenberg/build/warning/index.min5d8c.js]
[cobwebmaroon6.wpcomstaging.com/wp-content/plugins/gutenberg/build/components/index.min2fdb.js]
[cobwebmaroon6.wpcomstaging.com/contact-us/index.html]
[cobwebmaroon6.wpcomstaging.com/wp-content/plugins/gutenberg/build/token-list/index.min0ad8.js]
[cobwebmaroon6.wpcomstaging.com/_static/index64ea.html]
[cobwebmaroon6.wpcomstaging.com/wp-json/wp/v2/pages/54.json]
[cobwebmaroon6.wpcomstaging.com/wp-json/oembed/1.0/embedf9bf.json]
[cobwebmaroon6.wpcomstaging.com/wp-json/oembed/1.0/embedcdab]
[i0.wp.com/cobwebmaroon6.wpcomstaging.com/wp-content/uploads/2021/10/pexels-pixabay-356079-11aaa.jpg]
[cobwebmaroon6.wpcomstaging.com/faq/index.html]
[cobwebmaroon6.wpcomstaging.com/_static/index58c8.html]
[cobwebmaroon6.wpcomstaging.com/wp-json/wp/v2/pages/69.json]
[cobwebmaroon6.wpcomstaging.com/wp-json/oembed/1.0/embedb72a.json]
[cobwebmaroon6.wpcomstaging.com/wp-json/oembed/1.0/embedc5de]
[i0.wp.com/cobwebmaroon6.wpcomstaging.com/wp-content/uploads/2021/11/COB-pic5617.jpg]
[cobwebmaroon6.wpcomstaging.com/resources/index.html]
[cobwebmaroon6.wpcomstaging.com/wp-json/wp/v2/pages/62.json]
[cobwebmaroon6.wpcomstaging.com/wp-json/oembed/1.0/embed110d.json]
[cobwebmaroon6.wpcomstaging.com/wp-json/oembed/1.0/embed7b8a]
[i0.wp.com/cobwebmaroon6.wpcomstaging.com/wp-content/uploads/2021/11/crop-0-0-1536-768-0-COB-test3437.jpg]
[cobwebmaroon6.wpcomstaging.com/about-us/index.html]
[cobwebmaroon6.wpcomstaging.com/wp-json/wp/v2/pages/42.json]
[cobwebmaroon6.wpcomstaging.com/wp-json/oembed/1.0/embed05c9.json]
[cobwebmaroon6.wpcomstaging.com/wp-json/oembed/1.0/embed82ea]
[cobwebmaroon6.wpcomstaging.com/donate/index.html]
[cobwebmaroon6.wpcomstaging.com/give/donate97c9.html]
[cobwebmaroon6.wpcomstaging.com/wp-json/wp/v2/pages/110.json]
[cobwebmaroon6.wpcomstaging.com/wp-json/oembed/1.0/embed3b3d.json]
[cobwebmaroon6.wpcomstaging.com/mentor-registration/index.html]
[cobwebmaroon6.wpcomstaging.com/wp-json/oembed/1.0/embed19f7]
[cobwebmaroon6.wpcomstaging.com/wp-json/wp/v2/pages/103.json]
[cobwebmaroon6.wpcomstaging.com/wp-json/oembed/1.0/embed6b59.json]
[cobwebmaroon6.wpcomstaging.com/student-sign-up/index.html]
[cobwebmaroon6.wpcomstaging.com/wp-json/oembed/1.0/embed271b]
[cobwebmaroon6.wpcomstaging.com/wp-json/wp/v2/pages/552.json]
[cobwebmaroon6.wpcomstaging.com/wp-json/oembed/1.0/embeda837.json]
[cobwebmaroon6.wpcomstaging.com/site-map/index.html]
[cobwebmaroon6.wpcomstaging.com/wp-json/oembed/1.0/embed84a7]
[cobwebmaroon6.wpcomstaging.com/wp-json/wp/v2/pages/336.json]
[cobwebmaroon6.wpcomstaging.com/wp-json/oembed/1.0/embedefd8.json]
[cobwebmaroon6.wpcomstaging.com/privacy-policy/index.html]
[cobwebmaroon6.wpcomstaging.com/_static/index5e84.html]
[cobwebmaroon6.wpcomstaging.com/wp-content/plugins/user-registration/assets/fonts/UserRegistration9c62.svg]
[cobwebmaroon6.wpcomstaging.com/wp-content/plugins/user-registration/assets/fonts/UserRegistratione8a1.svg]
[cobwebmaroon6.wpcomstaging.com/wp-includes/js/mediaelement/mejs-controls.svg]
[cobwebmaroon6.wpcomstaging.com/wp-content/plugins/give/assets/dist/fonts/icomoon5c45.svg]
[cobwebmaroon6.wpcomstaging.com/wp-content/plugins/give/assets/dist/images/visa.svg]
[cobwebmaroon6.wpcomstaging.com/wp-content/plugins/give/assets/dist/images/mastercard.svg]
[cobwebmaroon6.wpcomstaging.com/wp-content/plugins/give/assets/dist/images/discover.svg]
[cobwebmaroon6.wpcomstaging.com/wp-content/plugins/give/assets/dist/images/amex.svg]
[cobwebmaroon6.wpcomstaging.com/wp-content/plugins/give/assets/dist/images/maestro.svg]
[cobwebmaroon6.wpcomstaging.com/wp-content/plugins/give/assets/dist/images/diners-club.svg]
[cobwebmaroon6.wpcomstaging.com/wp-content/plugins/give/assets/dist/images/jcb.svg]
[cobwebmaroon6.wpcomstaging.com/wp-content/plugins/give/assets/dist/images/unionpay.svg]
[cobwebmaroon6.wpcomstaging.com/wp-content/plugins/if-menu/assets/icon-visibility.svg]
[cobwebmaroon6.wpcomstaging.com/wp-content/plugins/ultimate-member/assets/font/ionicons28b5.svg]
[cobwebmaroon6.wpcomstaging.com/wp-content/plugins/ultimate-member/assets/font/fontawesome-webfont78ce.svg]
[cobwebmaroon6.wpcomstaging.com/wp-content/plugins/ultimate-member/assets/font/raty.svg]
[cobwebmaroon6.wpcomstaging.com/wp-json/oembed/1.0/embedb48a]
[cobwebmaroon6.wpcomstaging.com/wp-json/wp/v2/pages/94.json]
[cobwebmaroon6.wpcomstaging.com/wp-json/oembed/1.0/embed882c.json]
[cobwebmaroon6.wpcomstaging.com/sign-up/index.html]
[cobwebmaroon6.wpcomstaging.com/wp-json/oembed/1.0/embedb93a]
[cobwebmaroon6.wpcomstaging.com/wp-json/wp/v2/pages/193.json]
[cobwebmaroon6.wpcomstaging.com/wp-json/oembed/1.0/embed329a.json]
[cobwebmaroon6.wpcomstaging.com/wp-json/oembed/1.0/embed15c0]
[i0.wp.com/cobwebmaroon6.wpcomstaging.com/wp-content/uploads/2021/11/discussionboard-1-286a2.png]
[i0.wp.com/cobwebmaroon6.wpcomstaging.com/wp-content/uploads/ultimatemember/211973259/profile_photoa661.jpg]
[cobwebmaroon6.wpcomstaging.com/wp-content/plugins/give/assets/dist/js/give-donation-summaryacd4.js]
[cobwebmaroon6.wpcomstaging.com/discussion-board/index.html]
[secure.gravatar.com/js/gprofiles3912.js]
[cobwebmaroon6.wpcomstaging.com/forums/forum/discussion-board/index.html]
[cobwebmaroon6.wpcomstaging.com/_static/index3706.html]
[cobwebmaroon6.wpcomstaging.com/wp-json/wp/v2/pages/365.json]
[cobwebmaroon6.wpcomstaging.com/forums/users/morty123/index.html]
[cobwebmaroon6.wpcomstaging.com/forums/topic/what-do-you-enjoy-most-in-cis/index.html]
[cobwebmaroon6.wpcomstaging.com/_static/index1c15.html]
[cobwebmaroon6.wpcomstaging.com/_static/index4b67.html]
[cobwebmaroon6.wpcomstaging.com/wp-json/oembed/1.0/embed4b57.json]
[cobwebmaroon6.wpcomstaging.com/jobs/index.html]
[cobwebmaroon6.wpcomstaging.com/wp-content/plugins/the-events-calendar/vendor/bootstrap-datepicker/css/bootstrap-datepicker.standalone.minb072.css]
[cobwebmaroon6.wpcomstaging.com/_static/indexd8cc.html]
[cobwebmaroon6.wpcomstaging.com/wp-json/oembed/1.0/embed4461]
[cobwebmaroon6.wpcomstaging.com/_static/indexa31c.html]
[cobwebmaroon6.wpcomstaging.com/_static/index7843.html]
[cobwebmaroon6.wpcomstaging.com/_static/index2bd6.html]
[cobwebmaroon6.wpcomstaging.com/_static/indexbe7f.html]
[cobwebmaroon6.wpcomstaging.com/events/list/index.html]
[cobwebmaroon6.wpcomstaging.com/events/month/index.html]
[cobwebmaroon6.wpcomstaging.com/events/today/index.html]
[cobwebmaroon6.wpcomstaging.com/events/list/indexce8d.html]
[cobwebmaroon6.wpcomstaging.com/events/month/2021-11/index.html]
[cobwebmaroon6.wpcomstaging.com/events/2021-12-06/index.html]
[cobwebmaroon6.wpcomstaging.com/events/list/indexcf56.html]
[cobwebmaroon6.wpcomstaging.com/events/list/indexedf3.html]
[cobwebmaroon6.wpcomstaging.com/events/today/index1125.html]
[cobwebmaroon6.wpcomstaging.com/events/today/indexedf3.html]
[cobwebmaroon6.wpcomstaging.com/events/2021-11-01/index.html]
[cobwebmaroon6.wpcomstaging.com/wp-json/wp/v2/tribe_events/591.json]
[cobwebmaroon6.wpcomstaging.com/events/2021-11-15/index.html]
[cobwebmaroon6.wpcomstaging.com/events/month/2021-11/indexedf3.html]
[cobwebmaroon6.wpcomstaging.com/_static/index8009.html]
[cobwebmaroon6.wpcomstaging.com/event/cis-420-demo/feed/index.html]
[cobwebmaroon6.wpcomstaging.com/_static/index5553.html]
[cobwebmaroon6.wpcomstaging.com/wp-json/oembed/1.0/embedc126.json]
[cobwebmaroon6.wpcomstaging.com/wp-json/oembed/1.0/embed07b9]
[cobwebmaroon6.wpcomstaging.com/wp-json/tribe/events/v1/events/591.json]
[cobwebmaroon6.wpcomstaging.com/wp-content/plugins/the-events-calendar/src/resources/images/tribe-loading.gif]
[cobwebmaroon6.wpcomstaging.com/event/cis-420-demo/index.html]
[cobwebmaroon6.wpcomstaging.com/_static/index8aa9.html]
[cobwebmaroon6.wpcomstaging.com/_static/index58c8.html]
[cobwebmaroon6.wpcomstaging.com/give/donate97c9.html]
[cobwebmaroon6.wpcomstaging.com/_static/index1bee.html]
[cobwebmaroon6.wpcomstaging.com/_static/indexbbb6.html]
[cobwebmaroon6.wpcomstaging.com/_static/index7cd8.html]
[cobwebmaroon6.wpcomstaging.com/wp-json/oembed/1.0/embedc504.json]
[cobwebmaroon6.wpcomstaging.com/_static/indexb589.html]
[cobwebmaroon6.wpcomstaging.com/forums/forum/discussion-board/feed/index.html]
[cobwebmaroon6.wpcomstaging.com/wp-json/oembed/1.0/embedfca5]
[cobwebmaroon6.wpcomstaging.com/wp-content/uploads/ultimatemember/211973259/profile_photod05b.jpg]
[cobwebmaroon6.wpcomstaging.com/wp-content/uploads/ultimatemember/211973253/profile_photod05b.jpg]
[cobwebmaroon6.wpcomstaging.com/wp-content/plugins/ultimate-member/assets/img/default_avatar.jpg]
[cobwebmaroon6.wpcomstaging.com/wp-content/uploads/ultimatemember/211973257/profile_photod05b.png]
[cobwebmaroon6.wpcomstaging.com/forums/forum/discussion-board/index.html]
[cobwebmaroon6.wpcomstaging.com/forums/index.html]
[cobwebmaroon6.wpcomstaging.com/forums/users/brooklynmentor/index.html]
[cobwebmaroon6.wpcomstaging.com/wp-json/oembed/1.0/embed15fe.json]
[cobwebmaroon6.wpcomstaging.com/forums/topic/career-goals/index.html]
[cobwebmaroon6.wpcomstaging.com/forums/users/bryce123/index.html]
[cobwebmaroon6.wpcomstaging.com/forums/topic/whats-your-opinion/index.html]
[cobwebmaroon6.wpcomstaging.com/forums/topic/what-do-you-enjoy-most-in-cis/index.html]
[cobwebmaroon6.wpcomstaging.com/wp-json/oembed/1.0/embed923c]
[cobwebmaroon6.wpcomstaging.com/forums/users/morty123/index.html]
[cobwebmaroon6.wpcomstaging.com/_static/index1a53.html]
[cobwebmaroon6.wpcomstaging.com/forums/topic/what-would-you-do-in-this-position/index.html]
[cobwebmaroon6.wpcomstaging.com/_static/indexbb99.html]
[cobwebmaroon6.wpcomstaging.com/forums/users/brooke456/index.html]
[cobwebmaroon6.wpcomstaging.com/_static/indexf8a9.html]
[cobwebmaroon6.wpcomstaging.com/wp-content/plugins/wp-job-manager/assets/dist/font/job-manager-a2d17fff9efb870b3e027dc5516b3ecc.eot]
[cobwebmaroon6.wpcomstaging.com/forums/users/morty123/topics/index.html]
[cobwebmaroon6.wpcomstaging.com/wp-content/plugins/wp-job-manager/assets/dist/font/job-manager-434425afc81b621e0e02b871e4f5fca1.woff]
[cobwebmaroon6.wpcomstaging.com/wp-content/plugins/wp-job-manager/assets/dist/font/job-manager-7799d387315fbcfa0060adf100cc549d.ttf]
[cobwebmaroon6.wpcomstaging.com/wp-content/plugins/wp-job-manager/assets/dist/font/job-manager-aa916d5b5333755f80564e47a7f7a89f.svg]
[cobwebmaroon6.wpcomstaging.com/forums/users/morty123/replies/index.html]
[cobwebmaroon6.wpcomstaging.com/wp-content/plugins/wp-job-manager/assets/dist/font/jm-logo/jm-18758dfe508305ba1682fe8fb3be8c72.eot]
[cobwebmaroon6.wpcomstaging.com/wp-content/plugins/wp-job-manager/assets/dist/font/jm-logo/jm-18758dfe508305ba1682fe8fb3be8c72d41d.eot]
[cobwebmaroon6.wpcomstaging.com/wp-content/plugins/wp-job-manager/assets/dist/font/jm-logo/jm-67b7d10affac4ffd77eb7874ec25263b.woff]
[cobwebmaroon6.wpcomstaging.com/forums/users/morty123/engagements/index.html]
[cobwebmaroon6.wpcomstaging.com/wp-content/plugins/wp-job-manager/assets/dist/font/jm-logo/jm-97b72719abd94986185dcfeef1203fb9.ttf]
[cobwebmaroon6.wpcomstaging.com/_static/index4b67.html]
[cobwebmaroon6.wpcomstaging.com/wp-content/plugins/the-events-calendar/src/resources/images/alert.svg]
[cobwebmaroon6.wpcomstaging.com/wp-content/plugins/wp-job-manager/assets/dist/font/jm-logo/jm-04f818ce1471720fb214394b96feb5de.svg]
[cobwebmaroon6.wpcomstaging.com/events/list/indexce8d.html]
[cobwebmaroon6.wpcomstaging.com/events/list/index7645.html]
[cobwebmaroon6.wpcomstaging.com/_static/indexe63b.html]
[cobwebmaroon6.wpcomstaging.com/events/list/indexedf3.html]
[cobwebmaroon6.wpcomstaging.com/events/today/index1125.html]
[cobwebmaroon6.wpcomstaging.com/events/2021-12-06/index.html]
[cobwebmaroon6.wpcomstaging.com/_static/index658a.html]
[cobwebmaroon6.wpcomstaging.com/forums/users/morty123/favorites/index.html]
[cobwebmaroon6.wpcomstaging.com/events/today/indexedf3.html]
[cobwebmaroon6.wpcomstaging.com/events/list/indexcf56.html]
[cobwebmaroon6.wpcomstaging.com/events/list/index7497.html]
[cobwebmaroon6.wpcomstaging.com/events/month/2021-12/index.html]
[cobwebmaroon6.wpcomstaging.com/events/2021-12-05/index.html]
[cobwebmaroon6.wpcomstaging.com/events/2021-11-01/index.html]
[cobwebmaroon6.wpcomstaging.com/events/2021-11-15/index.html]
[cobwebmaroon6.wpcomstaging.com/events/list/indexa694.html]
[cobwebmaroon6.wpcomstaging.com/_static/index8009.html]
[cobwebmaroon6.wpcomstaging.com/events/2021-11-02/index.html]
[cobwebmaroon6.wpcomstaging.com/events/2021-11-15/indexedf3.html]
[cobwebmaroon6.wpcomstaging.com/events/list/indexe881.html]
[cobwebmaroon6.wpcomstaging.com/events/2021-12-06/indexedf3.html]
[cobwebmaroon6.wpcomstaging.com/events/2021-11-01/indexedf3.html]
[cobwebmaroon6.wpcomstaging.com/wp-content/plugins/give/assets/dist/fonts/fa-regular-400.eot]
[cobwebmaroon6.wpcomstaging.com/wp-content/plugins/give/assets/dist/fonts/fa-regular-400d41d.eot]
[cobwebmaroon6.wpcomstaging.com/wp-content/plugins/give/assets/dist/fonts/fa-regular-400.woff2]
[cobwebmaroon6.wpcomstaging.com/wp-content/plugins/give/assets/dist/fonts/fa-regular-400.woff]
[cobwebmaroon6.wpcomstaging.com/wp-content/plugins/give/assets/dist/fonts/fa-regular-400.ttf]
[cobwebmaroon6.wpcomstaging.com/wp-content/plugins/give/assets/dist/fonts/fa-regular-400.svg]
[cobwebmaroon6.wpcomstaging.com/wp-content/plugins/give/assets/dist/fonts/fa-solid-900.eot]
[cobwebmaroon6.wpcomstaging.com/wp-content/plugins/give/assets/dist/fonts/fa-solid-900d41d.eot]
[cobwebmaroon6.wpcomstaging.com/wp-content/plugins/give/assets/dist/fonts/fa-solid-900.woff2]
[cobwebmaroon6.wpcomstaging.com/wp-content/plugins/give/assets/dist/fonts/fa-solid-900.woff]
[cobwebmaroon6.wpcomstaging.com/wp-content/plugins/give/assets/dist/fonts/fa-solid-900.ttf]
[cobwebmaroon6.wpcomstaging.com/wp-content/plugins/give/assets/dist/fonts/fa-solid-900.svg]
[cobwebmaroon6.wpcomstaging.com/wp-content/plugins/give/assets/dist/fonts/fa-brands-400.eot]
[cobwebmaroon6.wpcomstaging.com/wp-content/plugins/give/assets/dist/fonts/fa-brands-400d41d.eot]
[cobwebmaroon6.wpcomstaging.com/wp-content/plugins/give/assets/dist/fonts/fa-brands-400.woff2]
[cobwebmaroon6.wpcomstaging.com/wp-content/plugins/give/assets/dist/fonts/fa-brands-400.woff]
[cobwebmaroon6.wpcomstaging.com/wp-content/plugins/give/assets/dist/fonts/fa-brands-400.ttf]
[cobwebmaroon6.wpcomstaging.com/_static/index1bee.html]
[cobwebmaroon6.wpcomstaging.com/_static/indexb589.html]
[cobwebmaroon6.wpcomstaging.com/xmlrpc.php]
[cobwebmaroon6.wpcomstaging.com/wp-content/plugins/give/assets/dist/fonts/fa-brands-400.svg]
[cobwebmaroon6.wpcomstaging.com/wp-content/uploads/ultimatemember/211973259/profile_photo4f47.jpg]
[cobwebmaroon6.wpcomstaging.com/forums/index.html]
[cobwebmaroon6.wpcomstaging.com/forums/users/brooklynmentor/index.html]
[cobwebmaroon6.wpcomstaging.com/forums/feed/index.html]
[cobwebmaroon6.wpcomstaging.com/wp-json/oembed/1.0/embed7aa5.json]
[cobwebmaroon6.wpcomstaging.com/forums/users/brooklynmentor/replies/index.html]
[cobwebmaroon6.wpcomstaging.com/forums/users/brooklynmentor/topics/index.html]
[cobwebmaroon6.wpcomstaging.com/forums/users/brooklynmentor/engagements/index.html]
[cobwebmaroon6.wpcomstaging.com/forums/users/brooklynmentor/favorites/index.html]
[cobwebmaroon6.wpcomstaging.com/forums/topic/career-goals/index.html]
[cobwebmaroon6.wpcomstaging.com/wp-json/oembed/1.0/embed9505]
[cobwebmaroon6.wpcomstaging.com/wp-json/oembed/1.0/embedf5bf.json]
[cobwebmaroon6.wpcomstaging.com/wp-json/oembed/1.0/embedb0c9]
[cobwebmaroon6.wpcomstaging.com/forums/topic/whats-your-opinion/index.html]
[cobwebmaroon6.wpcomstaging.com/wp-content/uploads/ultimatemember/211973257/profile_photob083.png]
[cobwebmaroon6.wpcomstaging.com/forums/users/bryce123/index.html]
[cobwebmaroon6.wpcomstaging.com/forums/users/bryce123/topics/index.html]
[cobwebmaroon6.wpcomstaging.com/wp-json/oembed/1.0/embedefd4.json]
[cobwebmaroon6.wpcomstaging.com/forums/users/bryce123/replies/index.html]
[cobwebmaroon6.wpcomstaging.com/forums/users/bryce123/engagements/index.html]
[cobwebmaroon6.wpcomstaging.com/forums/users/bryce123/favorites/index.html]
[cobwebmaroon6.wpcomstaging.com/forums/topic/what-would-you-do-in-this-position/index.html]
[cobwebmaroon6.wpcomstaging.com/forums/users/brooke456/index.html]
[cobwebmaroon6.wpcomstaging.com/wp-json/oembed/1.0/embed6b6f]
[cobwebmaroon6.wpcomstaging.com/forums/users/morty123/topics/index.html]
[cobwebmaroon6.wpcomstaging.com/forums/users/brooke456/engagements/index.html]
[cobwebmaroon6.wpcomstaging.com/forums/users/brooke456/topics/index.html]
[cobwebmaroon6.wpcomstaging.com/forums/users/brooke456/replies/index.html]
[cobwebmaroon6.wpcomstaging.com/wp-content/uploads/ultimatemember/211973259/profile_photo219f.jpg]
[cobwebmaroon6.wpcomstaging.com/forums/users/morty123/replies/index.html]
[cobwebmaroon6.wpcomstaging.com/forums/users/brooke456/favorites/index.html]
[cobwebmaroon6.wpcomstaging.com/wp-content/uploads/ultimatemember/211973253/profile_photo2eaa.jpg]
[cobwebmaroon6.wpcomstaging.com/wp-content/uploads/ultimatemember/211973259/profile_photo2eaa.jpg]
[cobwebmaroon6.wpcomstaging.com/forums/users/morty123/engagements/index.html]
[cobwebmaroon6.wpcomstaging.com/forums/users/morty123/favorites/index.html]
[cobwebmaroon6.wpcomstaging.com/wp-content/plugins/wp-job-manager/assets/dist/font/job-manager-aa916d5b5333755f80564e47a7f7a89f.svg]
[cobwebmaroon6.wpcomstaging.com/wp-content/plugins/wp-job-manager/assets/dist/font/jm-logo/jm-04f818ce1471720fb214394b96feb5de.svg]
[cobwebmaroon6.wpcomstaging.com/events/list/index7497.html]
[cobwebmaroon6.wpcomstaging.com/events/month/2021-12/index.html]
[cobwebmaroon6.wpcomstaging.com/events/2021-12-05/index.html]
[cobwebmaroon6.wpcomstaging.com/events/list/index582e.html]
[cobwebmaroon6.wpcomstaging.com/events/list/index7a1a.html]
[cobwebmaroon6.wpcomstaging.com/events/2021-12-06/indexedf3.html]
[cobwebmaroon6.wpcomstaging.com/events/2021-12-01/index.html]
[cobwebmaroon6.wpcomstaging.com/events/2021-11-02/index.html]
[cobwebmaroon6.wpcomstaging.com/events/list/index219c.html]
[cobwebmaroon6.wpcomstaging.com/events/2021-12-04/index.html]
[cobwebmaroon6.wpcomstaging.com/events/2021-11-01/indexedf3.html]
[cobwebmaroon6.wpcomstaging.com/events/list/indexc68a.html]
[cobwebmaroon6.wpcomstaging.com/events/list/indexe881.html]
[cobwebmaroon6.wpcomstaging.com/events/2021-11-03/index.html]
[cobwebmaroon6.wpcomstaging.com/events/list/indexd7da.html]
[cobwebmaroon6.wpcomstaging.com/wp-content/plugins/give/assets/dist/fonts/fa-regular-400.svg]
[cobwebmaroon6.wpcomstaging.com/wp-content/plugins/give/assets/dist/fonts/fa-solid-900.svg]
[cobwebmaroon6.wpcomstaging.com/wp-content/plugins/give/assets/dist/fonts/fa-brands-400.svg]
[cobwebmaroon6.wpcomstaging.com/events/list/index3494.html]
[cobwebmaroon6.wpcomstaging.com/events/2021-12-05/indexedf3.html]
[cobwebmaroon6.wpcomstaging.com/events/2021-11-02/indexedf3.html]
[cobwebmaroon6.wpcomstaging.com/wp-content/uploads/ultimatemember/211973253/profile_photo3f0a.jpg]
[cobwebmaroon6.wpcomstaging.com/wp-content/uploads/ultimatemember/211973259/profile_photo3f0a.jpg]
[cobwebmaroon6.wpcomstaging.com/forums/users/brooklynmentor/topics/index.html]
[cobwebmaroon6.wpcomstaging.com/forums/users/brooklynmentor/replies/index.html]
[cobwebmaroon6.wpcomstaging.com/wp-content/uploads/ultimatemember/211973253/profile_photod39f.jpg]
[cobwebmaroon6.wpcomstaging.com/wp-content/uploads/ultimatemember/211973259/profile_photod39f.jpg]
[cobwebmaroon6.wpcomstaging.com/forums/users/brooklynmentor/engagements/index.html]
[cobwebmaroon6.wpcomstaging.com/forums/users/brooklynmentor/favorites/index.html]
[cobwebmaroon6.wpcomstaging.com/wp-content/uploads/ultimatemember/211973257/profile_photoefd8.png]
[cobwebmaroon6.wpcomstaging.com/forums/users/bryce123/topics/index.html]
[cobwebmaroon6.wpcomstaging.com/forums/users/bryce123/replies/index.html]
[cobwebmaroon6.wpcomstaging.com/wp-content/uploads/ultimatemember/211973257/profile_photo2d2e.png]
[cobwebmaroon6.wpcomstaging.com/forums/users/bryce123/engagements/index.html]
[cobwebmaroon6.wpcomstaging.com/forums/users/bryce123/favorites/index.html]
[cobwebmaroon6.wpcomstaging.com/forums/users/brooke456/topics/index.html]
[cobwebmaroon6.wpcomstaging.com/forums/users/brooke456/replies/index.html]
[cobwebmaroon6.wpcomstaging.com/wp-content/uploads/ultimatemember/211973253/profile_photo05bc.jpg]
[cobwebmaroon6.wpcomstaging.com/forums/users/brooke456/engagements/index.html]
[cobwebmaroon6.wpcomstaging.com/wp-content/uploads/ultimatemember/211973259/profile_photo05bc.jpg]
[cobwebmaroon6.wpcomstaging.com/forums/users/brooke456/favorites/index.html]
[cobwebmaroon6.wpcomstaging.com/events/list/index582e.html]
[cobwebmaroon6.wpcomstaging.com/events/list/index3494.html]
[cobwebmaroon6.wpcomstaging.com/events/list/index7a1a.html]
[cobwebmaroon6.wpcomstaging.com/events/2021-12-01/index.html]
[cobwebmaroon6.wpcomstaging.com/events/list/index6b4e.html]
[cobwebmaroon6.wpcomstaging.com/events/list/index219c.html]
[cobwebmaroon6.wpcomstaging.com/events/list/indexea28.html]
[cobwebmaroon6.wpcomstaging.com/events/2021-11-30/index.html]
[cobwebmaroon6.wpcomstaging.com/events/2021-12-04/index.html]
[cobwebmaroon6.wpcomstaging.com/events/list/index40ec.html]
[cobwebmaroon6.wpcomstaging.com/events/list/index8884.html]
[cobwebmaroon6.wpcomstaging.com/events/2021-12-05/indexedf3.html]
[cobwebmaroon6.wpcomstaging.com/events/2021-12-03/index.html]
[cobwebmaroon6.wpcomstaging.com/events/list/indexc68a.html]
[cobwebmaroon6.wpcomstaging.com/events/list/index918c.html]
[cobwebmaroon6.wpcomstaging.com/events/list/index1f76.html]
[cobwebmaroon6.wpcomstaging.com/events/2021-12-01/indexedf3.html]
[cobwebmaroon6.wpcomstaging.com/events/2021-11-03/index.html]
[cobwebmaroon6.wpcomstaging.com/events/2021-11-02/indexedf3.html]
[cobwebmaroon6.wpcomstaging.com/events/list/index6a65.html]
[cobwebmaroon6.wpcomstaging.com/events/list/indexea28.html]
[cobwebmaroon6.wpcomstaging.com/events/list/index68d4.html]
[cobwebmaroon6.wpcomstaging.com/events/list/index4f53.html]
[cobwebmaroon6.wpcomstaging.com/events/2021-11-04/index.html]
[cobwebmaroon6.wpcomstaging.com/events/list/index918c.html]
[cobwebmaroon6.wpcomstaging.com/events/2021-11-30/index.html]
[cobwebmaroon6.wpcomstaging.com/events/2021-12-01/indexedf3.html]
[cobwebmaroon6.wpcomstaging.com/events/list/index450c.html]
[cobwebmaroon6.wpcomstaging.com/events/list/index40ec.html]
[cobwebmaroon6.wpcomstaging.com/events/2021-11-29/index.html]
[cobwebmaroon6.wpcomstaging.com/events/list/indexbaf3.html]
[cobwebmaroon6.wpcomstaging.com/events/list/index6a65.html]
[cobwebmaroon6.wpcomstaging.com/events/list/index8884.html]
[cobwebmaroon6.wpcomstaging.com/events/2021-12-04/indexedf3.html]
[cobwebmaroon6.wpcomstaging.com/events/2021-12-03/index.html]
[cobwebmaroon6.wpcomstaging.com/events/list/index5066.html]
[cobwebmaroon6.wpcomstaging.com/events/list/indexa510.html]
[cobwebmaroon6.wpcomstaging.com/events/2021-12-04/indexedf3.html]
[cobwebmaroon6.wpcomstaging.com/events/2021-12-02/index.html]
[cobwebmaroon6.wpcomstaging.com/events/list/index68d4.html]
[cobwebmaroon6.wpcomstaging.com/events/2021-11-03/indexedf3.html]
[cobwebmaroon6.wpcomstaging.com/events/list/index4173.html]
[cobwebmaroon6.wpcomstaging.com/events/2021-11-04/index.html]
[cobwebmaroon6.wpcomstaging.com/events/2021-11-30/indexedf3.html]
[cobwebmaroon6.wpcomstaging.com/events/list/index8be1.html]
[cobwebmaroon6.wpcomstaging.com/events/2021-11-03/indexedf3.html]
[cobwebmaroon6.wpcomstaging.com/events/2021-11-05/index.html]
[cobwebmaroon6.wpcomstaging.com/events/list/index450c.html]
[cobwebmaroon6.wpcomstaging.com/events/list/indexd3b2.html]
[cobwebmaroon6.wpcomstaging.com/events/2021-11-29/index.html]
[cobwebmaroon6.wpcomstaging.com/events/list/index7eab.html]
[cobwebmaroon6.wpcomstaging.com/events/list/index7a53.html]
[cobwebmaroon6.wpcomstaging.com/events/2021-11-30/indexedf3.html]
[cobwebmaroon6.wpcomstaging.com/events/2021-12-03/indexedf3.html]
[cobwebmaroon6.wpcomstaging.com/events/list/index5066.html]
[cobwebmaroon6.wpcomstaging.com/events/2021-11-28/index.html]
[cobwebmaroon6.wpcomstaging.com/events/list/index0100.html]
[cobwebmaroon6.wpcomstaging.com/events/list/indexd3b2.html]
[cobwebmaroon6.wpcomstaging.com/events/list/indexa510.html]
[cobwebmaroon6.wpcomstaging.com/events/list/index93e1.html]
[cobwebmaroon6.wpcomstaging.com/events/2021-12-02/index.html]
[cobwebmaroon6.wpcomstaging.com/events/2021-11-04/indexedf3.html]
[cobwebmaroon6.wpcomstaging.com/events/list/index5061.html]
[cobwebmaroon6.wpcomstaging.com/events/2021-12-03/indexedf3.html]
[cobwebmaroon6.wpcomstaging.com/events/list/indexd727.html]
[cobwebmaroon6.wpcomstaging.com/events/list/index8be1.html]
[cobwebmaroon6.wpcomstaging.com/events/list/index1079.html]
[cobwebmaroon6.wpcomstaging.com/events/2021-11-05/index.html]
[cobwebmaroon6.wpcomstaging.com/events/list/indexd85a.html]
[cobwebmaroon6.wpcomstaging.com/events/2021-11-04/indexedf3.html]
[cobwebmaroon6.wpcomstaging.com/events/2021-11-29/indexedf3.html]
[cobwebmaroon6.wpcomstaging.com/events/list/index7eab.html]
[cobwebmaroon6.wpcomstaging.com/events/2021-11-06/index.html]
[cobwebmaroon6.wpcomstaging.com/events/list/index8f60.html]
[cobwebmaroon6.wpcomstaging.com/events/list/indexd727.html]
[cobwebmaroon6.wpcomstaging.com/events/list/index7a53.html]
[cobwebmaroon6.wpcomstaging.com/events/list/index5a31.html]
[cobwebmaroon6.wpcomstaging.com/events/2021-11-28/index.html]
[cobwebmaroon6.wpcomstaging.com/events/list/indexaa60.html]
[cobwebmaroon6.wpcomstaging.com/events/list/indexa750.html]
[cobwebmaroon6.wpcomstaging.com/events/2021-11-29/indexedf3.html]
[cobwebmaroon6.wpcomstaging.com/events/2021-11-27/index.html]
[cobwebmaroon6.wpcomstaging.com/events/list/index93e1.html]
[cobwebmaroon6.wpcomstaging.com/events/2021-12-02/indexedf3.html]
[cobwebmaroon6.wpcomstaging.com/events/list/indexf4f9.html]
[cobwebmaroon6.wpcomstaging.com/events/list/index5a31.html]
[cobwebmaroon6.wpcomstaging.com/events/list/index5061.html]
[cobwebmaroon6.wpcomstaging.com/events/list/indexe82a.html]
[cobwebmaroon6.wpcomstaging.com/events/2021-12-02/indexedf3.html]
[cobwebmaroon6.wpcomstaging.com/events/2021-11-05/indexedf3.html]
[cobwebmaroon6.wpcomstaging.com/events/list/indexd85a.html]
[cobwebmaroon6.wpcomstaging.com/events/list/index1a2a.html]
[cobwebmaroon6.wpcomstaging.com/events/2021-11-06/index.html]
[cobwebmaroon6.wpcomstaging.com/events/list/index8f59.html]
[cobwebmaroon6.wpcomstaging.com/events/2021-11-05/indexedf3.html]
[cobwebmaroon6.wpcomstaging.com/events/list/index80cd.html]
[cobwebmaroon6.wpcomstaging.com/events/list/indexaa60.html]
[cobwebmaroon6.wpcomstaging.com/events/2021-11-07/index.html]
[cobwebmaroon6.wpcomstaging.com/events/list/index9c70.html]
[cobwebmaroon6.wpcomstaging.com/events/list/index8f59.html]
[cobwebmaroon6.wpcomstaging.com/events/list/indexa750.html]
[cobwebmaroon6.wpcomstaging.com/events/list/indexe220.html]
[cobwebmaroon6.wpcomstaging.com/events/2021-11-28/indexedf3.html]
[cobwebmaroon6.wpcomstaging.com/events/2021-11-27/index.html]
[cobwebmaroon6.wpcomstaging.com/events/list/index801c.html]
[cobwebmaroon6.wpcomstaging.com/events/2021-11-28/indexedf3.html]
[cobwebmaroon6.wpcomstaging.com/events/2021-11-26/index.html]
[cobwebmaroon6.wpcomstaging.com/events/list/indexe82a.html]
[cobwebmaroon6.wpcomstaging.com/events/list/index5c5c.html]
[cobwebmaroon6.wpcomstaging.com/events/list/index5eb6.html]
[cobwebmaroon6.wpcomstaging.com/events/list/index5c5c.html]
[cobwebmaroon6.wpcomstaging.com/events/list/index80cd.html]
[cobwebmaroon6.wpcomstaging.com/events/list/index61a9.html]
[cobwebmaroon6.wpcomstaging.com/events/2021-11-07/index.html]
[cobwebmaroon6.wpcomstaging.com/events/list/indexccae.html]
[cobwebmaroon6.wpcomstaging.com/events/2021-11-06/indexedf3.html]
[cobwebmaroon6.wpcomstaging.com/events/2021-11-06/indexedf3.html]
[cobwebmaroon6.wpcomstaging.com/events/2021-11-08/index.html]
[cobwebmaroon6.wpcomstaging.com/events/list/indexe220.html]
[cobwebmaroon6.wpcomstaging.com/events/list/index28b2.html]
[cobwebmaroon6.wpcomstaging.com/events/list/indexfc5e.html]
[cobwebmaroon6.wpcomstaging.com/events/list/indexfc5e.html]
[cobwebmaroon6.wpcomstaging.com/events/list/index801c.html]
[cobwebmaroon6.wpcomstaging.com/events/list/index3423.html]
[cobwebmaroon6.wpcomstaging.com/events/2021-11-26/index.html]
[cobwebmaroon6.wpcomstaging.com/events/2021-11-27/indexedf3.html]
[cobwebmaroon6.wpcomstaging.com/events/list/index1ead.html]
[cobwebmaroon6.wpcomstaging.com/events/2021-11-27/indexedf3.html]
[cobwebmaroon6.wpcomstaging.com/events/2021-11-25/index.html]
[cobwebmaroon6.wpcomstaging.com/events/list/indexccae.html]
[cobwebmaroon6.wpcomstaging.com/events/list/index9b25.html]
[cobwebmaroon6.wpcomstaging.com/events/2021-11-08/index.html]
[cobwebmaroon6.wpcomstaging.com/events/list/index64a0.html]
[cobwebmaroon6.wpcomstaging.com/events/2021-11-09/index.html]
[cobwebmaroon6.wpcomstaging.com/events/2021-11-07/indexedf3.html]
[cobwebmaroon6.wpcomstaging.com/events/2021-11-07/indexedf3.html]
[cobwebmaroon6.wpcomstaging.com/events/list/index3423.html]
[cobwebmaroon6.wpcomstaging.com/events/list/indexf56e.html]
[cobwebmaroon6.wpcomstaging.com/events/list/index6854.html]
[cobwebmaroon6.wpcomstaging.com/events/list/index6854.html]
[cobwebmaroon6.wpcomstaging.com/events/list/index1ead.html]
[cobwebmaroon6.wpcomstaging.com/events/list/index7a09.html]
[cobwebmaroon6.wpcomstaging.com/events/2021-11-25/index.html]
[cobwebmaroon6.wpcomstaging.com/events/2021-11-26/indexedf3.html]
[cobwebmaroon6.wpcomstaging.com/events/2021-11-26/indexedf3.html]
[cobwebmaroon6.wpcomstaging.com/events/list/index80ef.html]
[cobwebmaroon6.wpcomstaging.com/events/list/index64a0.html]
[cobwebmaroon6.wpcomstaging.com/events/2021-11-24/index.html]
[cobwebmaroon6.wpcomstaging.com/events/list/index77e7.html]
[cobwebmaroon6.wpcomstaging.com/events/2021-11-09/index.html]
[cobwebmaroon6.wpcomstaging.com/events/list/indexe596.html]
[cobwebmaroon6.wpcomstaging.com/events/2021-11-10/index.html]
[cobwebmaroon6.wpcomstaging.com/events/2021-11-08/indexedf3.html]
[cobwebmaroon6.wpcomstaging.com/events/2021-11-08/indexedf3.html]
[cobwebmaroon6.wpcomstaging.com/events/list/index7a09.html]
[cobwebmaroon6.wpcomstaging.com/events/list/indexebee.html]
[cobwebmaroon6.wpcomstaging.com/events/list/indexa4e2.html]
[cobwebmaroon6.wpcomstaging.com/events/list/indexa4e2.html]
[cobwebmaroon6.wpcomstaging.com/events/list/index80ef.html]
[cobwebmaroon6.wpcomstaging.com/events/list/index4633.html]
[cobwebmaroon6.wpcomstaging.com/events/2021-11-24/index.html]
[cobwebmaroon6.wpcomstaging.com/events/2021-11-25/indexedf3.html]
[cobwebmaroon6.wpcomstaging.com/events/2021-11-25/indexedf3.html]
[cobwebmaroon6.wpcomstaging.com/events/list/indexeb96.html]
[cobwebmaroon6.wpcomstaging.com/events/list/indexe596.html]
[cobwebmaroon6.wpcomstaging.com/events/2021-11-23/index.html]
[cobwebmaroon6.wpcomstaging.com/events/list/indexf38e.html]
[cobwebmaroon6.wpcomstaging.com/events/2021-11-10/index.html]
[cobwebmaroon6.wpcomstaging.com/events/list/index3c95.html]
[cobwebmaroon6.wpcomstaging.com/events/2021-11-09/indexedf3.html]
[cobwebmaroon6.wpcomstaging.com/events/2021-11-09/indexedf3.html]
[cobwebmaroon6.wpcomstaging.com/events/2021-11-11/index.html]
[cobwebmaroon6.wpcomstaging.com/events/list/index4633.html]
[cobwebmaroon6.wpcomstaging.com/events/list/indexb56b.html]
[cobwebmaroon6.wpcomstaging.com/events/list/index1ccc.html]
[cobwebmaroon6.wpcomstaging.com/events/list/index1ccc.html]
[cobwebmaroon6.wpcomstaging.com/events/list/indexeb96.html]
[cobwebmaroon6.wpcomstaging.com/events/list/indexf866.html]
[cobwebmaroon6.wpcomstaging.com/events/2021-11-23/index.html]
[cobwebmaroon6.wpcomstaging.com/events/list/index37bc.html]
[cobwebmaroon6.wpcomstaging.com/events/2021-11-24/indexedf3.html]
[cobwebmaroon6.wpcomstaging.com/events/2021-11-24/indexedf3.html]
[cobwebmaroon6.wpcomstaging.com/events/2021-11-22/index.html]
[cobwebmaroon6.wpcomstaging.com/events/list/index3c95.html]
[cobwebmaroon6.wpcomstaging.com/events/list/indexeeb6.html]
[cobwebmaroon6.wpcomstaging.com/events/2021-11-11/index.html]
[cobwebmaroon6.wpcomstaging.com/events/list/index8a2d.html]
[cobwebmaroon6.wpcomstaging.com/events/2021-11-12/index.html]
[cobwebmaroon6.wpcomstaging.com/events/2021-11-10/indexedf3.html]
[cobwebmaroon6.wpcomstaging.com/events/2021-11-10/indexedf3.html]
[cobwebmaroon6.wpcomstaging.com/events/list/indexf866.html]
[cobwebmaroon6.wpcomstaging.com/events/list/index787c.html]
[cobwebmaroon6.wpcomstaging.com/events/list/index0e07.html]
[cobwebmaroon6.wpcomstaging.com/events/list/index0e07.html]
[cobwebmaroon6.wpcomstaging.com/events/list/index37bc.html]
[cobwebmaroon6.wpcomstaging.com/events/list/index2bfa.html]
[cobwebmaroon6.wpcomstaging.com/events/2021-11-22/index.html]
[cobwebmaroon6.wpcomstaging.com/events/2021-11-23/indexedf3.html]
[cobwebmaroon6.wpcomstaging.com/events/2021-11-23/indexedf3.html]
[cobwebmaroon6.wpcomstaging.com/events/list/indexa211.html]
[cobwebmaroon6.wpcomstaging.com/events/list/index8a2d.html]
[cobwebmaroon6.wpcomstaging.com/events/2021-11-21/index.html]
[cobwebmaroon6.wpcomstaging.com/events/list/index0c23.html]
[cobwebmaroon6.wpcomstaging.com/events/2021-11-12/index.html]
[cobwebmaroon6.wpcomstaging.com/events/list/indexd5b0.html]
[cobwebmaroon6.wpcomstaging.com/events/2021-11-11/indexedf3.html]
[cobwebmaroon6.wpcomstaging.com/events/2021-11-11/indexedf3.html]
[cobwebmaroon6.wpcomstaging.com/events/2021-11-13/index.html]
[cobwebmaroon6.wpcomstaging.com/events/list/index2bfa.html]
[cobwebmaroon6.wpcomstaging.com/events/list/indexec4a.html]
[cobwebmaroon6.wpcomstaging.com/events/list/index3d55.html]
[cobwebmaroon6.wpcomstaging.com/events/list/index3d55.html]
[cobwebmaroon6.wpcomstaging.com/events/list/indexa211.html]
[cobwebmaroon6.wpcomstaging.com/events/list/indexd6f0.html]
[cobwebmaroon6.wpcomstaging.com/events/2021-11-21/index.html]
[cobwebmaroon6.wpcomstaging.com/events/2021-11-22/indexedf3.html]
[cobwebmaroon6.wpcomstaging.com/events/2021-11-22/indexedf3.html]
[cobwebmaroon6.wpcomstaging.com/events/list/index9ce4.html]
[cobwebmaroon6.wpcomstaging.com/events/list/indexd5b0.html]
[cobwebmaroon6.wpcomstaging.com/events/2021-11-20/index.html]
[cobwebmaroon6.wpcomstaging.com/events/list/index12d4.html]
[cobwebmaroon6.wpcomstaging.com/events/2021-11-13/index.html]
[cobwebmaroon6.wpcomstaging.com/events/list/index6a4d.html]
[cobwebmaroon6.wpcomstaging.com/events/2021-11-12/indexedf3.html]
[cobwebmaroon6.wpcomstaging.com/events/2021-11-12/indexedf3.html]
[cobwebmaroon6.wpcomstaging.com/events/2021-11-14/index.html]
[cobwebmaroon6.wpcomstaging.com/events/list/indexd6f0.html]
[cobwebmaroon6.wpcomstaging.com/events/list/indexee3f.html]
[cobwebmaroon6.wpcomstaging.com/events/list/index4755.html]
[cobwebmaroon6.wpcomstaging.com/events/list/index4755.html]
[cobwebmaroon6.wpcomstaging.com/events/list/index9ce4.html]
[cobwebmaroon6.wpcomstaging.com/events/list/index86d3.html]
[cobwebmaroon6.wpcomstaging.com/events/2021-11-20/index.html]
[cobwebmaroon6.wpcomstaging.com/events/2021-11-21/indexedf3.html]
[cobwebmaroon6.wpcomstaging.com/events/2021-11-21/indexedf3.html]
[cobwebmaroon6.wpcomstaging.com/events/list/indexb181.html]
[cobwebmaroon6.wpcomstaging.com/events/list/index6a4d.html]
[cobwebmaroon6.wpcomstaging.com/events/2021-11-19/index.html]
[cobwebmaroon6.wpcomstaging.com/events/list/indexccf7.html]
[cobwebmaroon6.wpcomstaging.com/events/2021-11-14/index.html]
[cobwebmaroon6.wpcomstaging.com/events/list/indexe62a.html]
[cobwebmaroon6.wpcomstaging.com/events/2021-11-13/indexedf3.html]
[cobwebmaroon6.wpcomstaging.com/events/2021-11-13/indexedf3.html]
[cobwebmaroon6.wpcomstaging.com/events/list/index86d3.html]
[cobwebmaroon6.wpcomstaging.com/events/list/index1df8.html]
[cobwebmaroon6.wpcomstaging.com/events/list/index98f0.html]
[cobwebmaroon6.wpcomstaging.com/events/list/index98f0.html]
[cobwebmaroon6.wpcomstaging.com/events/list/indexb181.html]
[cobwebmaroon6.wpcomstaging.com/events/list/index53a7.html]
[cobwebmaroon6.wpcomstaging.com/events/2021-11-19/index.html]
[cobwebmaroon6.wpcomstaging.com/events/2021-11-20/indexedf3.html]
[cobwebmaroon6.wpcomstaging.com/events/2021-11-20/indexedf3.html]
[cobwebmaroon6.wpcomstaging.com/events/list/index5d2c.html]
[cobwebmaroon6.wpcomstaging.com/events/list/indexe62a.html]
[cobwebmaroon6.wpcomstaging.com/events/2021-11-18/index.html]
[cobwebmaroon6.wpcomstaging.com/events/list/index7d9e.html]
[cobwebmaroon6.wpcomstaging.com/events/2021-11-14/indexedf3.html]
[cobwebmaroon6.wpcomstaging.com/events/2021-11-14/indexedf3.html]
[cobwebmaroon6.wpcomstaging.com/events/list/index53a7.html]
[cobwebmaroon6.wpcomstaging.com/events/list/indexbfb7.html]
[cobwebmaroon6.wpcomstaging.com/events/list/indexbfb7.html]
[cobwebmaroon6.wpcomstaging.com/events/list/index5d2c.html]
[cobwebmaroon6.wpcomstaging.com/events/2021-11-18/index.html]
[cobwebmaroon6.wpcomstaging.com/events/list/indexfcb1.html]
[cobwebmaroon6.wpcomstaging.com/events/list/indexb16c.html]
[cobwebmaroon6.wpcomstaging.com/events/list/index08b2.html]
[cobwebmaroon6.wpcomstaging.com/events/2021-11-19/indexedf3.html]
[cobwebmaroon6.wpcomstaging.com/events/2021-11-19/indexedf3.html]
[cobwebmaroon6.wpcomstaging.com/events/list/indexb16c.html]
[cobwebmaroon6.wpcomstaging.com/events/2021-11-17/index.html]
[cobwebmaroon6.wpcomstaging.com/events/list/indexa69c.html]
[cobwebmaroon6.wpcomstaging.com/events/list/indexa69c.html]
[cobwebmaroon6.wpcomstaging.com/events/list/index08b2.html]
[cobwebmaroon6.wpcomstaging.com/events/2021-11-17/index.html]
[cobwebmaroon6.wpcomstaging.com/events/list/index199a.html]
[cobwebmaroon6.wpcomstaging.com/events/list/index2a91.html]
[cobwebmaroon6.wpcomstaging.com/events/2021-11-18/indexedf3.html]
[cobwebmaroon6.wpcomstaging.com/events/2021-11-18/indexedf3.html]
[cobwebmaroon6.wpcomstaging.com/events/list/index07a1.html]
[cobwebmaroon6.wpcomstaging.com/events/list/index2a91.html]
[cobwebmaroon6.wpcomstaging.com/events/list/indexfacc.html]
[cobwebmaroon6.wpcomstaging.com/events/2021-11-16/index.html]
[cobwebmaroon6.wpcomstaging.com/events/list/indexbfce.html]
[cobwebmaroon6.wpcomstaging.com/events/list/indexbfce.html]
[cobwebmaroon6.wpcomstaging.com/events/list/index07a1.html]
[cobwebmaroon6.wpcomstaging.com/events/2021-11-16/index.html]
[cobwebmaroon6.wpcomstaging.com/events/list/index92b9.html]
[cobwebmaroon6.wpcomstaging.com/events/list/index0a8e.html]
[cobwebmaroon6.wpcomstaging.com/events/2021-11-17/indexedf3.html]
[cobwebmaroon6.wpcomstaging.com/events/2021-11-17/indexedf3.html]
[cobwebmaroon6.wpcomstaging.com/events/list/index0a8e.html]
[cobwebmaroon6.wpcomstaging.com/events/list/indexe1e6.html]
[cobwebmaroon6.wpcomstaging.com/events/list/indexe1e6.html]
[cobwebmaroon6.wpcomstaging.com/events/list/index92b9.html]
[cobwebmaroon6.wpcomstaging.com/events/list/indexab5e.html]
[cobwebmaroon6.wpcomstaging.com/events/2021-11-16/indexedf3.html]
[cobwebmaroon6.wpcomstaging.com/events/2021-11-16/indexedf3.html]
[cobwebmaroon6.wpcomstaging.com/events/list/index84d5.html]
[cobwebmaroon6.wpcomstaging.com/events/list/index84d5.html]
[cobwebmaroon6.wpcomstaging.com/events/list/index0bb3.html]
[cobwebmaroon6.wpcomstaging.com/events/list/index0bb3.html]
[cobwebmaroon6.wpcomstaging.com/events/list/index465e.html]
